// Jest Snapshot v1, https://goo.gl/fbAQLP

exports[`createExampleAPIGatewayEvent should create an accurate looking sns event 1`] = `
Object {
  "body": "{\\"hello\\":\\"there\\"}",
  "headers": Object {
    "Content-Type": "application/json",
  },
  "httpMethod": "POST",
  "isBase64Encoded": false,
  "multiValueHeaders": Object {
    "Content-Type": Array [
      "application/json",
    ],
  },
  "multiValueQueryStringParameters": null,
  "path": "__path__",
  "pathParameters": null,
  "queryStringParameters": null,
  "requestContext": undefined,
  "resource": undefined,
  "stageVariables": undefined,
}
`;
